come in to uploadFiles
